2025-11-16 16:04:28 | INFO | === Запуск CS2 Guide Hub v7.21 (Firebase Sync) ===
2025-11-16 16:04:28 | INFO | Firebase успешно инициализирован.
2025-11-16 16:04:37 | INFO | Вход: admin (admin)
2025-11-16 16:08:30 | INFO     | config.py:52 | Система логирования инициализирована.
2025-11-16 16:08:31 | INFO     | main.py:45 | === Запуск CS2 Guide Hub v7.21 (Firebase Sync) ===
2025-11-16 16:08:31 | INFO     | firebase_service.py:33 | Firebase успешно инициализирован.
2025-11-16 16:08:38 | INFO     | main_window.py:78 | Вход: admin (admin)
2025-11-16 16:09:39 | INFO     | config.py:52 | Система логирования инициализирована.
2025-11-16 16:09:40 | INFO     | main.py:45 | === Запуск CS2 Guide Hub v7.21 (Firebase Sync) ===
2025-11-16 16:09:40 | INFO     | firebase_service.py:33 | Firebase успешно инициализирован.
2025-11-16 16:09:47 | INFO     | main_window.py:78 | Вход: admin (admin)
2025-11-16 16:25:40 | INFO     | config.py:42 | Система логирования инициализирована.
2025-11-16 16:25:41 | INFO     | main.py:45 | === Запуск CS2 Guide Hub v7.21 (Firebase Sync) ===
2025-11-16 16:25:41 | INFO     | firebase_service.py:32 | Firebase успешно инициализирован.
2025-11-16 16:25:42 | INFO     | firebase_service.py:129 | Пакетная запись начальных данных успешно выполнена.
2025-11-16 16:25:44 | INFO     | main.py:41 | Вход отменен. Завершение работы.
2025-11-16 16:26:21 | INFO     | config.py:42 | Система логирования инициализирована.
2025-11-16 16:26:22 | INFO     | main.py:45 | === Запуск CS2 Guide Hub v7.21 (Firebase Sync) ===
2025-11-16 16:26:22 | INFO     | firebase_service.py:32 | Firebase успешно инициализирован.
2025-11-16 16:26:23 | INFO     | firebase_service.py:129 | Пакетная запись начальных данных успешно выполнена.
2025-11-16 16:28:37 | INFO     | config.py:42 | Система логирования инициализирована.
2025-11-16 16:28:38 | INFO     | main.py:45 | === Запуск CS2 Guide Hub v7.21 (Firebase Sync) ===
2025-11-16 16:28:38 | INFO     | firebase_service.py:32 | Firebase успешно инициализирован.
2025-11-16 16:28:43 | ERROR    | firebase_service.py:141 | Ошибка получения структуры гайдов: 400 The query requires an index. You can create it here: https://console.firebase.google.com/v1/r/project/cs2-guild-hub/firestore/indexes?create_composite=Ck9wcm9qZWN0cy9jczItZ3VpbGQtaHViL2RhdGFiYXNlcy8oZGVmYXVsdCkvY29sbGVjdGlvbkdyb3Vwcy9zdHJ1Y3R1cmUvaW5kZXhlcy9fEAEaDQoJcGFyZW50X2lkEAEaCQoFb3JkZXIQARoMCghfX25hbWVfXxAB
2025-11-16 16:32:12 | INFO     | config.py:42 | Система логирования инициализирована.
2025-11-16 16:32:13 | INFO     | main.py:45 | === Запуск CS2 Guide Hub v7.21 (Firebase Sync) ===
2025-11-16 16:32:13 | INFO     | firebase_service.py:32 | Firebase успешно инициализирован.
2025-11-16 16:32:26 | ERROR    | firebase_service.py:178 | Ошибка создания нового узла: 400 The query requires an index. You can create it here: https://console.firebase.google.com/v1/r/project/cs2-guild-hub/firestore/indexes?create_composite=Ck9wcm9qZWN0cy9jczItZ3VpbGQtaHViL2RhdGFiYXNlcy8oZGVmYXVsdCkvY29sbGVjdGlvbkdyb3Vwcy9zdHJ1Y3R1cmUvaW5kZXhlcy9fEAEaDQoJcGFyZW50X2lkEAEaCQoFb3JkZXIQAhoMCghfX25hbWVfXxAC
2025-11-16 16:33:42 | ERROR    | firebase_service.py:178 | Ошибка создания нового узла: 400 The query requires an index. That index is currently building and cannot be used yet. See its status here: https://console.firebase.google.com/v1/r/project/cs2-guild-hub/firestore/indexes?create_composite=Clpwcm9qZWN0cy9jczItZ3VpbGQtaHViL2RhdGFiYXNlcy8oZGVmYXVsdCkvY29sbGVjdGlvbkdyb3Vwcy9zdHJ1Y3R1cmUvaW5kZXhlcy9DSUNBZ09pM2tKQUsQARoNCglwYXJlbnRfaWQQARoJCgVvcmRlchACGgwKCF9fbmFtZV9fEAI
2025-11-16 16:35:24 | INFO     | config.py:42 | Система логирования инициализирована.
2025-11-16 16:35:25 | INFO     | main.py:45 | === Запуск CS2 Guide Hub v7.21 (Firebase Sync) ===
2025-11-16 16:35:25 | INFO     | firebase_service.py:32 | Firebase успешно инициализирован.
2025-11-16 16:38:39 | INFO     | config.py:42 | Система логирования инициализирована.
2025-11-16 16:39:50 | INFO     | config.py:42 | Система логирования инициализирована.
2025-11-16 16:40:44 | INFO     | config.py:42 | Система логирования инициализирована.
2025-11-16 16:40:44 | ERROR    | main.py:55 | Файл учетных данных не найден по пути: path/to/your/firebase-adminsdk.json
2025-11-16 16:41:28 | INFO     | config.py:42 | Система логирования инициализирована.
2025-11-16 16:41:28 | INFO     | main.py:64 | Firebase Admin SDK успешно инициализирован.
2025-11-16 16:47:29 | INFO     | config.py:42 | Система логирования инициализирована.
2025-11-16 16:53:49 | INFO     | config.py:42 | Система логирования инициализирована.
2025-11-16 16:59:53 | INFO     | config.py:42 | Система логирования инициализирована.
2025-11-16 16:59:54 | INFO     | main.py:45 | === Запуск CS2 Guide Hub v7.21 (Firebase Sync) ===
2025-11-16 16:59:54 | INFO     | firebase_service.py:32 | Firebase успешно инициализирован.
2025-11-16 17:00:38 | INFO     | config.py:42 | Система логирования инициализирована.
2025-11-16 17:00:39 | INFO     | main.py:45 | === Запуск CS2 Guide Hub v7.21 (Firebase Sync) ===
2025-11-16 17:00:39 | INFO     | firebase_service.py:32 | Firebase успешно инициализирован.
2025-11-16 17:02:18 | INFO     | admin_dialogs.py:212 | Загружено 5 узлов структуры гайдов.
2025-11-16 17:02:20 | INFO     | admin_dialogs.py:212 | Загружено 5 узлов структуры гайдов.
2025-11-16 18:22:05 | INFO     | config.py:42 | Система логирования инициализирована.
2025-11-16 18:22:06 | INFO     | main.py:45 | === Запуск CS2 Guide Hub v7.21 (Firebase Sync) ===
2025-11-16 18:22:06 | INFO     | firebase_service.py:32 | Firebase успешно инициализирован.
2025-11-16 18:24:03 | INFO     | config.py:42 | Система логирования инициализирована.
2025-11-16 18:24:04 | INFO     | main.py:45 | === Запуск CS2 Guide Hub v7.21 (Firebase Sync) ===
2025-11-16 18:24:04 | INFO     | firebase_service.py:32 | Firebase успешно инициализирован.
2025-11-16 18:24:19 | INFO     | config.py:42 | Система логирования инициализирована.
2025-11-16 18:24:20 | INFO     | main.py:45 | === Запуск CS2 Guide Hub v7.21 (Firebase Sync) ===
2025-11-16 18:24:20 | INFO     | firebase_service.py:32 | Firebase успешно инициализирован.
2025-11-16 18:24:49 | INFO     | admin_dialogs.py:303 | Загружено 7 узлов структуры гайдов.
2025-11-16 18:25:38 | INFO     | config.py:42 | Система логирования инициализирована.
2025-11-16 18:25:39 | INFO     | main.py:45 | === Запуск CS2 Guide Hub v7.21 (Firebase Sync) ===
2025-11-16 18:25:39 | INFO     | firebase_service.py:32 | Firebase успешно инициализирован.
2025-11-16 18:31:36 | INFO     | config.py:42 | Система логирования инициализирована.
2025-11-16 18:31:37 | INFO     | main.py:45 | === Запуск CS2 Guide Hub v7.21 (Firebase Sync) ===
2025-11-16 18:31:37 | INFO     | firebase_service.py:32 | Firebase успешно инициализирован.
2025-11-16 18:41:47 | INFO     | config.py:42 | Система логирования инициализирована.
2025-11-16 18:41:48 | INFO     | main.py:45 | === Запуск CS2 Guide Hub v7.21 (Firebase Sync) ===
2025-11-16 18:41:48 | INFO     | firebase_service.py:32 | Firebase успешно инициализирован.
2025-11-16 18:42:19 | INFO     | config.py:42 | Система логирования инициализирована.
2025-11-16 18:42:19 | INFO     | main.py:45 | === Запуск CS2 Guide Hub v7.21 (Firebase Sync) ===
2025-11-16 18:42:19 | INFO     | firebase_service.py:32 | Firebase успешно инициализирован.
2025-11-16 18:42:37 | INFO     | config.py:42 | Система логирования инициализирована.
2025-11-16 18:42:38 | INFO     | main.py:45 | === Запуск CS2 Guide Hub v7.21 (Firebase Sync) ===
2025-11-16 18:42:38 | INFO     | firebase_service.py:32 | Firebase успешно инициализирован.
2025-11-16 18:43:39 | INFO     | config.py:42 | Система логирования инициализирована.
2025-11-16 18:43:40 | INFO     | main.py:45 | === Запуск CS2 Guide Hub v7.21 (Firebase Sync) ===
2025-11-16 18:43:40 | INFO     | firebase_service.py:32 | Firebase успешно инициализирован.
2025-11-16 18:46:08 | INFO     | config.py:42 | Система логирования инициализирована.
2025-11-16 18:46:09 | INFO     | main.py:45 | === Запуск CS2 Guide Hub v7.21 (Firebase Sync) ===
2025-11-16 18:46:09 | INFO     | firebase_service.py:32 | Firebase успешно инициализирован.
2025-11-16 18:47:32 | INFO     | main_window.py:932 | Пользователь ADMIN вышел из системы.
2025-11-16 18:50:27 | INFO     | config.py:42 | Система логирования инициализирована.
2025-11-16 18:50:28 | INFO     | main.py:45 | === Запуск CS2 Guide Hub v7.21 (Firebase Sync) ===
2025-11-16 18:50:28 | INFO     | firebase_service.py:32 | Firebase успешно инициализирован.
2025-11-16 18:52:11 | INFO     | main_window.py:593 | Гайд сохранен: root_info
2025-11-16 18:52:50 | INFO     | config.py:42 | Система логирования инициализирована.
2025-11-16 18:52:50 | INFO     | main.py:45 | === Запуск CS2 Guide Hub v7.21 (Firebase Sync) ===
2025-11-16 18:52:50 | INFO     | firebase_service.py:32 | Firebase успешно инициализирован.
2025-11-16 18:54:03 | INFO     | config.py:42 | Система логирования инициализирована.
2025-11-16 18:54:04 | INFO     | main.py:45 | === Запуск CS2 Guide Hub v7.21 (Firebase Sync) ===
2025-11-16 18:54:04 | INFO     | firebase_service.py:32 | Firebase успешно инициализирован.
2025-11-16 18:55:27 | INFO     | config.py:42 | Система логирования инициализирована.
2025-11-16 18:55:28 | INFO     | main.py:45 | === Запуск CS2 Guide Hub v7.21 (Firebase Sync) ===
2025-11-16 18:55:28 | INFO     | firebase_service.py:32 | Firebase успешно инициализирован.
2025-11-16 18:55:29 | INFO     | firebase_service.py:129 | Пакетная запись начальных данных успешно выполнена.
2025-11-16 18:56:33 | INFO     | admin_dialogs.py:303 | Загружено 4 узлов структуры гайдов.
2025-11-16 18:56:36 | INFO     | admin_dialogs.py:303 | Загружено 4 узлов структуры гайдов.
2025-11-16 18:58:46 | INFO     | config.py:42 | Система логирования инициализирована.
2025-11-16 18:58:47 | INFO     | main.py:45 | === Запуск CS2 Guide Hub v7.21 (Firebase Sync) ===
2025-11-16 18:58:47 | INFO     | firebase_service.py:32 | Firebase успешно инициализирован.
2025-11-16 18:58:50 | INFO     | main.py:41 | Вход отменен. Завершение работы.
2025-11-16 18:59:17 | INFO     | config.py:42 | Система логирования инициализирована.
2025-11-16 18:59:18 | INFO     | main.py:45 | === Запуск CS2 Guide Hub v7.21 (Firebase Sync) ===
2025-11-16 18:59:18 | INFO     | firebase_service.py:32 | Firebase успешно инициализирован.
2025-11-16 18:59:35 | INFO     | admin_dialogs.py:187 | Загружено 0 пользователей для управления.
2025-11-16 18:59:38 | INFO     | admin_dialogs.py:187 | Загружено 0 пользователей для управления.
2025-11-16 18:59:39 | INFO     | admin_dialogs.py:187 | Загружено 0 пользователей для управления.
2025-11-16 18:59:39 | INFO     | admin_dialogs.py:187 | Загружено 0 пользователей для управления.
2025-11-16 18:59:45 | INFO     | admin_dialogs.py:314 | Загружено 4 узлов структуры гайдов.
2025-11-16 18:59:47 | INFO     | main_window.py:897 | Пользователь ADMIN вышел из системы.
2025-11-16 19:00:08 | INFO     | config.py:42 | Система логирования инициализирована.
2025-11-16 19:00:08 | INFO     | main.py:45 | === Запуск CS2 Guide Hub v7.21 (Firebase Sync) ===
2025-11-16 19:00:08 | INFO     | firebase_service.py:32 | Firebase успешно инициализирован.
2025-11-16 19:00:18 | INFO     | admin_dialogs.py:187 | Загружено 0 пользователей для управления.
2025-11-16 19:01:07 | INFO     | main_window.py:897 | Пользователь ADMIN вышел из системы.
2025-11-16 19:01:16 | INFO     | config.py:42 | Система логирования инициализирована.
2025-11-16 19:01:17 | INFO     | main.py:45 | === Запуск CS2 Guide Hub v7.21 (Firebase Sync) ===
2025-11-16 19:01:17 | INFO     | firebase_service.py:32 | Firebase успешно инициализирован.
2025-11-16 19:04:03 | INFO     | config.py:42 | Система логирования инициализирована.
2025-11-16 19:04:05 | INFO     | main.py:45 | === Запуск CS2 Guide Hub v7.21 (Firebase Sync) ===
2025-11-16 19:04:05 | INFO     | firebase_service.py:32 | Firebase успешно инициализирован.
2025-11-16 19:04:24 | INFO     | admin_dialogs.py:330 | Загружено 6 узлов структуры гайдов.
2025-11-16 19:05:10 | INFO     | config.py:42 | Система логирования инициализирована.
2025-11-16 19:05:11 | INFO     | main.py:45 | === Запуск CS2 Guide Hub v7.21 (Firebase Sync) ===
2025-11-16 19:05:11 | INFO     | firebase_service.py:31 | Firebase успешно инициализирован.
2025-11-16 19:05:19 | INFO     | admin_dialogs.py:192 | Загружено 11 пользователей для управления.
2025-11-16 19:06:24 | INFO     | main_window.py:558 | Гайд сохранен: e1kNk4n21YcOC9FsJ7sN
2025-11-16 19:07:47 | INFO     | admin_dialogs.py:319 | Загружено 7 узлов структуры гайдов.
2025-11-16 19:07:48 | INFO     | admin_dialogs.py:192 | Загружено 11 пользователей для управления.
2025-11-16 19:08:32 | INFO     | admin_dialogs.py:192 | Загружено 11 пользователей для управления.
2025-11-16 19:09:05 | INFO     | config.py:42 | Система логирования инициализирована.
2025-11-16 19:09:06 | INFO     | main.py:45 | === Запуск CS2 Guide Hub v7.21 (Firebase Sync) ===
2025-11-16 19:09:06 | INFO     | firebase_service.py:35 | Firebase успешно инициализирован.
2025-11-16 19:10:28 | INFO     | config.py:42 | Система логирования инициализирована.
2025-11-16 19:10:29 | INFO     | main.py:45 | === Запуск CS2 Guide Hub v7.21 (Firebase Sync) ===
2025-11-16 19:10:29 | INFO     | firebase_service.py:35 | Firebase успешно инициализирован.
2025-11-16 19:13:29 | INFO     | config.py:42 | Система логирования инициализирована.
2025-11-16 19:13:30 | INFO     | main.py:45 | === Запуск CS2 Guide Hub v7.21 (Firebase Sync) ===
2025-11-16 19:13:30 | INFO     | firebase_service.py:35 | Firebase успешно инициализирован.
2025-11-16 19:13:51 | INFO     | main_window.py:890 | Пользователь ADMIN вышел из системы.
2025-11-16 19:13:56 | INFO     | config.py:42 | Система логирования инициализирована.
2025-11-16 19:13:57 | INFO     | main.py:45 | === Запуск CS2 Guide Hub v7.21 (Firebase Sync) ===
2025-11-16 19:13:57 | INFO     | firebase_service.py:35 | Firebase успешно инициализирован.
2025-11-16 19:14:03 | INFO     | main_window.py:890 | Пользователь ADMIN вышел из системы.
2025-11-16 19:14:06 | INFO     | config.py:42 | Система логирования инициализирована.
2025-11-16 19:14:07 | INFO     | main.py:45 | === Запуск CS2 Guide Hub v7.21 (Firebase Sync) ===
2025-11-16 19:14:07 | INFO     | firebase_service.py:35 | Firebase успешно инициализирован.
2025-11-16 19:14:34 | INFO     | config.py:42 | Система логирования инициализирована.
2025-11-16 19:14:34 | INFO     | main.py:45 | === Запуск CS2 Guide Hub v7.21 (Firebase Sync) ===
2025-11-16 19:14:34 | INFO     | firebase_service.py:35 | Firebase успешно инициализирован.
2025-11-16 19:17:28 | INFO     | config.py:42 | Система логирования инициализирована.
2025-11-16 19:17:28 | INFO     | main.py:45 | === Запуск CS2 Guide Hub v7.21 (Firebase Sync) ===
2025-11-16 19:17:28 | INFO     | firebase_service.py:35 | Firebase успешно инициализирован.
2025-11-16 19:17:45 | INFO     | main_window.py:887 | Пользователь SP1Z1C1 вышел из системы.
2025-11-16 19:17:49 | INFO     | config.py:42 | Система логирования инициализирована.
2025-11-16 19:17:49 | INFO     | main.py:45 | === Запуск CS2 Guide Hub v7.21 (Firebase Sync) ===
2025-11-16 19:17:49 | INFO     | firebase_service.py:35 | Firebase успешно инициализирован.
2025-11-16 19:17:57 | INFO     | admin_dialogs.py:192 | Загружено 11 пользователей для управления.
2025-11-16 19:18:41 | INFO     | admin_dialogs.py:192 | Загружено 11 пользователей для управления.
2025-11-16 19:18:49 | INFO     | admin_dialogs.py:209 | Роль пользователя 123 изменена: user -> reader
2025-11-16 19:18:49 | INFO     | admin_dialogs.py:209 | Роль пользователя 1231 изменена: user -> reader
2025-11-16 19:18:49 | INFO     | admin_dialogs.py:209 | Роль пользователя d4nyzz изменена: user -> reader
2025-11-16 19:18:49 | INFO     | admin_dialogs.py:209 | Роль пользователя d4nyzz1 изменена: user -> reader
2025-11-16 19:18:49 | INFO     | admin_dialogs.py:209 | Роль пользователя sad изменена: user -> reader
2025-11-16 19:18:49 | INFO     | admin_dialogs.py:209 | Роль пользователя sp1z1c1 изменена: user -> reader
2025-11-16 19:18:50 | INFO     | admin_dialogs.py:209 | Роль пользователя фывфыв изменена: user -> reader
2025-11-16 19:18:50 | INFO     | admin_dialogs.py:209 | Роль пользователя ячс изменена: user -> reader
2025-11-16 19:18:51 | INFO     | admin_dialogs.py:192 | Загружено 11 пользователей для управления.
2025-11-16 19:18:55 | INFO     | main_window.py:887 | Пользователь ADMIN вышел из системы.
2025-11-16 19:19:00 | INFO     | config.py:42 | Система логирования инициализирована.
2025-11-16 19:19:01 | INFO     | main.py:45 | === Запуск CS2 Guide Hub v7.21 (Firebase Sync) ===
2025-11-16 19:19:01 | INFO     | firebase_service.py:35 | Firebase успешно инициализирован.
2025-11-16 19:19:10 | INFO     | main_window.py:887 | Пользователь ADMIN вышел из системы.
2025-11-16 19:19:15 | INFO     | config.py:42 | Система логирования инициализирована.
2025-11-16 19:19:16 | INFO     | main.py:45 | === Запуск CS2 Guide Hub v7.21 (Firebase Sync) ===
2025-11-16 19:19:16 | INFO     | firebase_service.py:35 | Firebase успешно инициализирован.
2025-11-16 19:20:09 | INFO     | config.py:42 | Система логирования инициализирована.
2025-11-16 19:20:11 | INFO     | main.py:45 | === Запуск CS2 Guide Hub v7.21 (Firebase Sync) ===
2025-11-16 19:20:11 | INFO     | firebase_service.py:35 | Firebase успешно инициализирован.
2025-11-16 19:20:23 | INFO     | main_window.py:890 | Пользователь READER вышел из системы.
2025-11-16 19:21:28 | INFO     | config.py:42 | Система логирования инициализирована.
2025-11-16 19:21:28 | INFO     | main.py:45 | === Запуск CS2 Guide Hub v7.21 (Firebase Sync) ===
2025-11-16 19:21:28 | INFO     | firebase_service.py:35 | Firebase успешно инициализирован.
2025-11-16 19:23:17 | INFO     | main_window.py:896 | Пользователь READER вышел из системы.
2025-11-16 19:23:56 | INFO     | config.py:42 | Система логирования инициализирована.
2025-11-16 19:23:57 | INFO     | main.py:45 | === Запуск CS2 Guide Hub v7.21 (Firebase Sync) ===
2025-11-16 19:23:57 | INFO     | firebase_service.py:35 | Firebase успешно инициализирован.
2025-11-16 19:24:40 | INFO     | config.py:42 | Система логирования инициализирована.
2025-11-16 19:24:41 | INFO     | main.py:45 | === Запуск CS2 Guide Hub v7.21 (Firebase Sync) ===
2025-11-16 19:24:41 | INFO     | firebase_service.py:35 | Firebase успешно инициализирован.
2025-11-16 19:24:54 | INFO     | main_window.py:901 | Пользователь READER вышел из системы.
2025-11-16 19:26:27 | INFO     | config.py:42 | Система логирования инициализирована.
2025-11-16 19:26:28 | INFO     | main.py:45 | === Запуск CS2 Guide Hub v7.21 (Firebase Sync) ===
2025-11-16 19:26:28 | INFO     | firebase_service.py:35 | Firebase успешно инициализирован.
2025-11-16 19:29:59 | INFO     | main_window.py:906 | Пользователь READER вышел из системы.
2025-11-16 19:30:24 | INFO     | config.py:42 | Система логирования инициализирована.
2025-11-16 19:30:25 | INFO     | main.py:45 | === Запуск CS2 Guide Hub v7.21 (Firebase Sync) ===
2025-11-16 19:30:25 | INFO     | firebase_service.py:35 | Firebase успешно инициализирован.
2025-11-16 19:30:34 | INFO     | admin_dialogs.py:192 | Загружено 11 пользователей для управления.
2025-11-16 19:30:37 | INFO     | admin_dialogs.py:319 | Загружено 7 узлов структуры гайдов.
2025-11-16 19:30:48 | INFO     | main_window.py:906 | Пользователь ADMIN вышел из системы.
2025-11-16 19:34:33 | INFO     | config.py:42 | Система логирования инициализирована.
2025-11-16 19:34:34 | INFO     | main.py:43 | === Запуск CS2 Guide Hub v7.21 (Firebase Sync) ===
2025-11-16 19:34:34 | INFO     | firebase_service.py:35 | Firebase успешно инициализирован.
2025-11-16 19:34:41 | INFO     | main_window.py:911 | Пользователь ADMIN вышел из системы.
2025-11-16 19:38:08 | INFO     | config.py:42 | Система логирования инициализирована.
2025-11-16 19:38:09 | INFO     | config.py:42 | Система логирования инициализирована.
2025-11-16 19:38:09 | INFO     | config.py:42 | Система логирования инициализирована.
2025-11-16 19:38:09 | INFO     | firebase_service.py:35 | Firebase успешно инициализирован.
2025-11-16 19:38:09 | INFO     | firebase_service.py:35 | Firebase успешно инициализирован.
2025-11-16 19:38:58 | INFO     | config.py:42 | Система логирования инициализирована.
2025-11-16 19:38:59 | INFO     | config.py:42 | Система логирования инициализирована.
2025-11-16 19:38:59 | INFO     | config.py:42 | Система логирования инициализирована.
2025-11-16 19:38:59 | INFO     | firebase_service.py:35 | Firebase успешно инициализирован.
2025-11-16 19:38:59 | INFO     | firebase_service.py:35 | Firebase успешно инициализирован.
2025-11-16 19:40:09 | INFO     | config.py:42 | Система логирования инициализирована.
2025-11-16 19:40:09 | INFO     | config.py:42 | Система логирования инициализирована.
2025-11-16 19:40:09 | INFO     | config.py:42 | Система логирования инициализирована.
2025-11-16 19:40:09 | INFO     | firebase_service.py:35 | Firebase успешно инициализирован.
2025-11-16 19:40:09 | INFO     | firebase_service.py:35 | Firebase успешно инициализирован.
2025-11-16 19:40:30 | INFO     | admin_dialogs.py:319 | Загружено 7 узлов структуры гайдов.
2025-11-16 19:40:30 | INFO     | admin_dialogs.py:319 | Загружено 7 узлов структуры гайдов.
2025-11-16 19:40:31 | INFO     | admin_dialogs.py:192 | Загружено 11 пользователей для управления.
2025-11-16 19:40:31 | INFO     | admin_dialogs.py:192 | Загружено 11 пользователей для управления.
2025-11-16 19:40:43 | INFO     | config.py:42 | Система логирования инициализирована.
2025-11-16 19:40:44 | INFO     | config.py:42 | Система логирования инициализирована.
2025-11-16 19:40:44 | INFO     | config.py:42 | Система логирования инициализирована.
2025-11-16 19:40:44 | INFO     | firebase_service.py:35 | Firebase успешно инициализирован.
2025-11-16 19:40:44 | INFO     | firebase_service.py:35 | Firebase успешно инициализирован.
2025-11-16 19:44:52 | INFO     | config.py:42 | Система логирования инициализирована.
2025-11-16 19:44:53 | INFO     | config.py:42 | Система логирования инициализирована.
2025-11-16 19:44:53 | INFO     | config.py:42 | Система логирования инициализирована.
2025-11-16 19:44:53 | INFO     | firebase_service.py:35 | Firebase успешно инициализирован.
2025-11-16 19:44:53 | INFO     | firebase_service.py:35 | Firebase успешно инициализирован.
2025-11-16 19:48:33 | INFO     | config.py:42 | Система логирования инициализирована.
2025-11-16 19:48:34 | INFO     | config.py:42 | Система логирования инициализирована.
2025-11-16 19:48:34 | INFO     | config.py:42 | Система логирования инициализирована.
2025-11-16 19:48:34 | INFO     | firebase_service.py:35 | Firebase успешно инициализирован.
2025-11-16 19:48:34 | INFO     | firebase_service.py:35 | Firebase успешно инициализирован.
2025-11-16 19:50:48 | INFO     | config.py:42 | Система логирования инициализирована.
2025-11-16 19:50:49 | INFO     | config.py:42 | Система логирования инициализирована.
2025-11-16 19:50:49 | INFO     | config.py:42 | Система логирования инициализирована.
2025-11-16 19:50:49 | INFO     | firebase_service.py:35 | Firebase успешно инициализирован.
2025-11-16 19:50:49 | INFO     | firebase_service.py:35 | Firebase успешно инициализирован.
2025-11-16 19:51:14 | INFO     | main_window.py:931 | Пользователь ADMIN вышел из системы.
2025-11-16 19:51:14 | INFO     | main_window.py:931 | Пользователь ADMIN вышел из системы.
2025-11-16 19:51:34 | INFO     | config.py:42 | Система логирования инициализирована.
2025-11-16 19:51:35 | INFO     | config.py:42 | Система логирования инициализирована.
2025-11-16 19:51:35 | INFO     | config.py:42 | Система логирования инициализирована.
2025-11-16 19:51:35 | INFO     | firebase_service.py:35 | Firebase успешно инициализирован.
2025-11-16 19:51:35 | INFO     | firebase_service.py:35 | Firebase успешно инициализирован.
2025-11-16 20:01:53 | INFO     | config.py:42 | Система логирования инициализирована.
2025-11-16 20:01:54 | INFO     | config.py:42 | Система логирования инициализирована.
2025-11-16 20:01:54 | INFO     | config.py:42 | Система логирования инициализирована.
2025-11-16 20:01:54 | INFO     | firebase_service.py:35 | Firebase успешно инициализирован.
2025-11-16 20:01:54 | INFO     | firebase_service.py:35 | Firebase успешно инициализирован.
2025-11-16 20:05:44 | INFO     | config.py:42 | Система логирования инициализирована.
2025-11-16 20:05:44 | INFO     | config.py:42 | Система логирования инициализирована.
2025-11-16 20:05:44 | INFO     | config.py:42 | Система логирования инициализирована.
2025-11-16 20:05:45 | INFO     | firebase_service.py:35 | Firebase успешно инициализирован.
2025-11-16 20:05:45 | INFO     | firebase_service.py:35 | Firebase успешно инициализирован.
2025-11-16 20:09:27 | INFO     | config.py:42 | Система логирования инициализирована.
2025-11-16 20:10:24 | INFO     | config.py:42 | Система логирования инициализирована.
2025-11-16 20:12:14 | INFO     | config.py:42 | Система логирования инициализирована.
2025-11-16 20:12:14 | INFO     | config.py:42 | Система логирования инициализирована.
2025-11-16 20:12:14 | INFO     | config.py:42 | Система логирования инициализирована.
2025-11-16 20:12:14 | INFO     | firebase_service.py:35 | Firebase успешно инициализирован.
2025-11-16 20:12:14 | INFO     | firebase_service.py:35 | Firebase успешно инициализирован.
2025-11-16 20:16:09 | INFO     | config.py:42 | Система логирования инициализирована.
2025-11-16 20:16:10 | INFO     | config.py:42 | Система логирования инициализирована.
2025-11-16 20:16:10 | INFO     | config.py:42 | Система логирования инициализирована.
2025-11-16 20:16:10 | INFO     | firebase_service.py:35 | Firebase успешно инициализирован.
2025-11-16 20:16:10 | INFO     | firebase_service.py:35 | Firebase успешно инициализирован.
2025-11-16 20:18:01 | INFO     | config.py:42 | Система логирования инициализирована.
2025-11-16 20:18:02 | INFO     | config.py:42 | Система логирования инициализирована.
2025-11-16 20:18:02 | INFO     | config.py:42 | Система логирования инициализирована.
2025-11-16 20:18:02 | INFO     | firebase_service.py:35 | Firebase успешно инициализирован.
2025-11-16 20:18:02 | INFO     | firebase_service.py:35 | Firebase успешно инициализирован.
2025-11-16 20:21:01 | INFO     | config.py:42 | Система логирования инициализирована.
2025-11-16 20:21:02 | INFO     | config.py:42 | Система логирования инициализирована.
2025-11-16 20:21:02 | INFO     | config.py:42 | Система логирования инициализирована.
2025-11-16 20:21:02 | INFO     | firebase_service.py:35 | Firebase успешно инициализирован.
2025-11-16 20:21:02 | INFO     | firebase_service.py:35 | Firebase успешно инициализирован.
2025-11-16 20:22:35 | INFO     | config.py:42 | Система логирования инициализирована.
2025-11-16 20:22:35 | INFO     | config.py:42 | Система логирования инициализирована.
2025-11-16 20:22:35 | INFO     | config.py:42 | Система логирования инициализирована.
2025-11-16 20:22:36 | INFO     | firebase_service.py:35 | Firebase успешно инициализирован.
2025-11-16 20:22:36 | INFO     | firebase_service.py:35 | Firebase успешно инициализирован.
2025-11-16 20:22:48 | INFO     | config.py:42 | Система логирования инициализирована.
2025-11-16 20:22:48 | INFO     | config.py:42 | Система логирования инициализирована.
2025-11-16 20:22:48 | INFO     | config.py:42 | Система логирования инициализирована.
2025-11-16 20:22:48 | INFO     | firebase_service.py:35 | Firebase успешно инициализирован.
2025-11-16 20:22:48 | INFO     | firebase_service.py:35 | Firebase успешно инициализирован.
2025-11-16 20:24:46 | INFO     | config.py:42 | Система логирования инициализирована.
2025-11-16 20:24:46 | INFO     | config.py:42 | Система логирования инициализирована.
2025-11-16 20:24:46 | INFO     | config.py:42 | Система логирования инициализирована.
2025-11-16 20:24:46 | INFO     | firebase_service.py:35 | Firebase успешно инициализирован.
2025-11-16 20:24:46 | INFO     | firebase_service.py:35 | Firebase успешно инициализирован.
2025-11-16 20:24:58 | INFO     | config.py:42 | Система логирования инициализирована.
2025-11-16 20:24:58 | INFO     | config.py:42 | Система логирования инициализирована.
2025-11-16 20:24:58 | INFO     | config.py:42 | Система логирования инициализирована.
2025-11-16 20:24:58 | INFO     | firebase_service.py:35 | Firebase успешно инициализирован.
2025-11-16 20:24:58 | INFO     | firebase_service.py:35 | Firebase успешно инициализирован.
2025-11-16 20:29:59 | INFO     | config.py:42 | Система логирования инициализирована.
2025-11-16 20:30:00 | INFO     | config.py:42 | Система логирования инициализирована.
2025-11-16 20:30:00 | INFO     | config.py:42 | Система логирования инициализирована.
2025-11-16 20:30:00 | INFO     | firebase_service.py:35 | Firebase успешно инициализирован.
2025-11-16 20:30:00 | INFO     | firebase_service.py:35 | Firebase успешно инициализирован.
2025-11-16 20:32:04 | INFO     | main_window.py:1088 | Пользователь ADMIN вышел из системы.
2025-11-16 20:32:04 | INFO     | main_window.py:1088 | Пользователь ADMIN вышел из системы.
2025-11-16 20:32:16 | INFO     | config.py:42 | Система логирования инициализирована.
2025-11-16 20:32:17 | INFO     | config.py:42 | Система логирования инициализирована.
2025-11-16 20:32:17 | INFO     | config.py:42 | Система логирования инициализирована.
2025-11-16 20:32:17 | INFO     | firebase_service.py:35 | Firebase успешно инициализирован.
2025-11-16 20:32:17 | INFO     | firebase_service.py:35 | Firebase успешно инициализирован.
2025-11-16 20:32:26 | INFO     | main_window.py:1088 | Пользователь ADMIN вышел из системы.
2025-11-16 20:32:26 | INFO     | main_window.py:1088 | Пользователь ADMIN вышел из системы.
2025-11-16 20:32:32 | INFO     | config.py:42 | Система логирования инициализирована.
2025-11-16 20:32:33 | INFO     | config.py:42 | Система логирования инициализирована.
2025-11-16 20:32:33 | INFO     | config.py:42 | Система логирования инициализирована.
2025-11-16 20:32:33 | INFO     | firebase_service.py:35 | Firebase успешно инициализирован.
2025-11-16 20:32:33 | INFO     | firebase_service.py:35 | Firebase успешно инициализирован.
2025-11-16 20:32:46 | INFO     | main_window.py:1088 | Пользователь ADMIN вышел из системы.
2025-11-16 20:32:46 | INFO     | main_window.py:1088 | Пользователь ADMIN вышел из системы.
2025-11-16 20:32:50 | INFO     | config.py:42 | Система логирования инициализирована.
2025-11-16 20:32:51 | INFO     | config.py:42 | Система логирования инициализирована.
2025-11-16 20:32:51 | INFO     | config.py:42 | Система логирования инициализирована.
2025-11-16 20:32:51 | INFO     | firebase_service.py:35 | Firebase успешно инициализирован.
2025-11-16 20:32:51 | INFO     | firebase_service.py:35 | Firebase успешно инициализирован.
2025-11-16 20:33:05 | INFO     | main_window.py:1088 | Пользователь READER вышел из системы.
2025-11-16 20:33:05 | INFO     | main_window.py:1088 | Пользователь READER вышел из системы.
2025-11-16 20:33:13 | INFO     | config.py:42 | Система логирования инициализирована.
2025-11-16 20:33:14 | INFO     | config.py:42 | Система логирования инициализирована.
2025-11-16 20:33:14 | INFO     | config.py:42 | Система логирования инициализирована.
2025-11-16 20:33:14 | INFO     | firebase_service.py:35 | Firebase успешно инициализирован.
2025-11-16 20:33:14 | INFO     | firebase_service.py:35 | Firebase успешно инициализирован.
2025-11-16 20:35:02 | INFO     | config.py:42 | Система логирования инициализирована.
2025-11-16 20:35:03 | INFO     | config.py:42 | Система логирования инициализирована.
2025-11-16 20:35:03 | INFO     | config.py:42 | Система логирования инициализирована.
2025-11-16 20:35:03 | INFO     | firebase_service.py:35 | Firebase успешно инициализирован.
2025-11-16 20:35:03 | INFO     | firebase_service.py:35 | Firebase успешно инициализирован.
2025-11-16 20:36:31 | INFO     | config.py:42 | Система логирования инициализирована.
2025-11-16 20:36:32 | INFO     | config.py:42 | Система логирования инициализирована.
2025-11-16 20:36:32 | INFO     | config.py:42 | Система логирования инициализирована.
2025-11-16 20:36:32 | INFO     | firebase_service.py:35 | Firebase успешно инициализирован.
2025-11-16 20:36:32 | INFO     | firebase_service.py:35 | Firebase успешно инициализирован.
2025-11-16 20:37:34 | INFO     | config.py:42 | Система логирования инициализирована.
2025-11-16 20:37:34 | INFO     | config.py:42 | Система логирования инициализирована.
2025-11-16 20:37:34 | INFO     | config.py:42 | Система логирования инициализирована.
2025-11-16 20:37:34 | INFO     | firebase_service.py:35 | Firebase успешно инициализирован.
2025-11-16 20:37:34 | INFO     | firebase_service.py:35 | Firebase успешно инициализирован.
2025-11-16 20:41:42 | INFO     | config.py:42 | Система логирования инициализирована.
2025-11-16 20:41:43 | INFO     | config.py:42 | Система логирования инициализирована.
2025-11-16 20:41:43 | INFO     | config.py:42 | Система логирования инициализирована.
2025-11-16 20:41:43 | INFO     | firebase_service.py:35 | Firebase успешно инициализирован.
2025-11-16 20:41:43 | INFO     | firebase_service.py:35 | Firebase успешно инициализирован.
2025-11-16 20:44:30 | INFO     | config.py:42 | Система логирования инициализирована.
2025-11-16 20:44:31 | INFO     | config.py:42 | Система логирования инициализирована.
2025-11-16 20:44:31 | INFO     | config.py:42 | Система логирования инициализирована.
2025-11-16 20:44:31 | INFO     | firebase_service.py:35 | Firebase успешно инициализирован.
2025-11-16 20:44:31 | INFO     | firebase_service.py:35 | Firebase успешно инициализирован.
2025-11-16 20:46:02 | INFO     | config.py:42 | Система логирования инициализирована.
2025-11-16 20:46:03 | INFO     | config.py:42 | Система логирования инициализирована.
2025-11-16 20:46:03 | INFO     | config.py:42 | Система логирования инициализирована.
2025-11-16 20:46:03 | INFO     | firebase_service.py:35 | Firebase успешно инициализирован.
2025-11-16 20:46:03 | INFO     | firebase_service.py:35 | Firebase успешно инициализирован.
2025-11-16 20:47:29 | INFO     | config.py:42 | Система логирования инициализирована.
2025-11-16 20:47:30 | INFO     | config.py:42 | Система логирования инициализирована.
2025-11-16 20:47:30 | INFO     | config.py:42 | Система логирования инициализирована.
2025-11-16 20:47:30 | INFO     | firebase_service.py:35 | Firebase успешно инициализирован.
2025-11-16 20:47:30 | INFO     | firebase_service.py:35 | Firebase успешно инициализирован.
2025-11-16 20:48:03 | INFO     | admin_dialogs.py:319 | Загружено 7 узлов структуры гайдов.
2025-11-16 20:48:03 | INFO     | admin_dialogs.py:319 | Загружено 7 узлов структуры гайдов.
2025-11-16 20:48:05 | INFO     | admin_dialogs.py:192 | Загружено 11 пользователей для управления.
2025-11-16 20:48:05 | INFO     | admin_dialogs.py:192 | Загружено 11 пользователей для управления.
2025-11-16 20:50:55 | INFO     | config.py:42 | Система логирования инициализирована.
2025-11-16 20:50:55 | INFO     | config.py:42 | Система логирования инициализирована.
2025-11-16 20:50:55 | INFO     | config.py:42 | Система логирования инициализирована.
2025-11-16 20:50:55 | INFO     | firebase_service.py:35 | Firebase успешно инициализирован.
2025-11-16 20:50:55 | INFO     | firebase_service.py:35 | Firebase успешно инициализирован.
2025-11-16 20:53:04 | INFO     | config.py:42 | Система логирования инициализирована.
2025-11-16 20:53:04 | INFO     | config.py:42 | Система логирования инициализирована.
2025-11-16 20:53:04 | INFO     | config.py:42 | Система логирования инициализирована.
2025-11-16 20:53:04 | INFO     | firebase_service.py:35 | Firebase успешно инициализирован.
2025-11-16 20:53:04 | INFO     | firebase_service.py:35 | Firebase успешно инициализирован.
2025-11-16 20:57:42 | INFO     | config.py:42 | Система логирования инициализирована.
2025-11-16 20:57:43 | INFO     | config.py:42 | Система логирования инициализирована.
2025-11-16 20:57:43 | INFO     | config.py:42 | Система логирования инициализирована.
2025-11-16 20:57:43 | INFO     | firebase_service.py:35 | Firebase успешно инициализирован.
2025-11-16 20:57:43 | INFO     | firebase_service.py:35 | Firebase успешно инициализирован.
2025-11-16 21:00:05 | INFO     | config.py:42 | Система логирования инициализирована.
2025-11-16 21:00:05 | INFO     | config.py:42 | Система логирования инициализирована.
2025-11-16 21:00:05 | INFO     | config.py:42 | Система логирования инициализирована.
2025-11-16 21:00:05 | INFO     | firebase_service.py:35 | Firebase успешно инициализирован.
2025-11-16 21:00:05 | INFO     | firebase_service.py:35 | Firebase успешно инициализирован.
2025-11-16 21:01:13 | INFO     | main_window.py:1094 | Пользователь ADMIN вышел из системы.
2025-11-16 21:01:13 | INFO     | main_window.py:1094 | Пользователь ADMIN вышел из системы.
2025-11-16 21:01:18 | INFO     | config.py:42 | Система логирования инициализирована.
2025-11-16 21:01:19 | INFO     | config.py:42 | Система логирования инициализирована.
2025-11-16 21:01:19 | INFO     | config.py:42 | Система логирования инициализирована.
2025-11-16 21:01:19 | INFO     | firebase_service.py:35 | Firebase успешно инициализирован.
2025-11-16 21:01:19 | INFO     | firebase_service.py:35 | Firebase успешно инициализирован.
2025-11-16 21:01:59 | INFO     | config.py:42 | Система логирования инициализирована.
2025-11-16 21:01:59 | INFO     | config.py:42 | Система логирования инициализирована.
2025-11-16 21:01:59 | INFO     | config.py:42 | Система логирования инициализирована.
2025-11-16 21:01:59 | INFO     | firebase_service.py:35 | Firebase успешно инициализирован.
2025-11-16 21:01:59 | INFO     | firebase_service.py:35 | Firebase успешно инициализирован.
2025-11-16 21:04:07 | INFO     | config.py:42 | Система логирования инициализирована.
2025-11-16 21:04:08 | INFO     | config.py:42 | Система логирования инициализирована.
2025-11-16 21:04:08 | INFO     | config.py:42 | Система логирования инициализирована.
2025-11-16 21:04:08 | INFO     | firebase_service.py:35 | Firebase успешно инициализирован.
2025-11-16 21:04:08 | INFO     | firebase_service.py:35 | Firebase успешно инициализирован.
2025-11-16 21:05:46 | INFO     | config.py:42 | Система логирования инициализирована.
2025-11-16 21:05:47 | INFO     | config.py:42 | Система логирования инициализирована.
2025-11-16 21:05:47 | INFO     | config.py:42 | Система логирования инициализирована.
2025-11-16 21:05:47 | INFO     | firebase_service.py:35 | Firebase успешно инициализирован.
2025-11-16 21:05:47 | INFO     | firebase_service.py:35 | Firebase успешно инициализирован.
2025-11-16 21:05:53 | INFO     | main_window.py:1128 | Пользователь ADMIN вышел из системы.
2025-11-16 21:05:53 | INFO     | main_window.py:1128 | Пользователь ADMIN вышел из системы.
2025-11-16 21:07:09 | INFO     | config.py:42 | Система логирования инициализирована.
2025-11-16 21:07:10 | INFO     | config.py:42 | Система логирования инициализирована.
2025-11-16 21:07:10 | INFO     | config.py:42 | Система логирования инициализирована.
2025-11-16 21:07:10 | INFO     | firebase_service.py:35 | Firebase успешно инициализирован.
2025-11-16 21:07:10 | INFO     | firebase_service.py:35 | Firebase успешно инициализирован.
2025-11-16 21:07:18 | INFO     | main_window.py:1128 | Пользователь ADMIN вышел из системы.
2025-11-16 21:07:18 | INFO     | main_window.py:1128 | Пользователь ADMIN вышел из системы.
2025-11-16 21:39:48 | INFO     | config.py:42 | Система логирования инициализирована.
2025-11-16 21:39:48 | INFO     | config.py:42 | Система логирования инициализирована.
2025-11-16 21:39:48 | INFO     | config.py:42 | Система логирования инициализирована.
2025-11-16 21:39:48 | INFO     | firebase_service.py:35 | Firebase успешно инициализирован.
2025-11-16 21:39:48 | INFO     | firebase_service.py:35 | Firebase успешно инициализирован.
2025-11-16 22:35:17 | INFO     | config.py:42 | Система логирования инициализирована.
2025-11-16 22:36:35 | INFO     | config.py:42 | Система логирования инициализирована.
2025-11-16 22:37:14 | INFO     | config.py:42 | Система логирования инициализирована.
2025-11-16 22:37:27 | INFO     | config.py:42 | Система логирования инициализирована.
2025-11-16 22:39:48 | INFO     | config.py:42 | Система логирования инициализирована.
2025-11-16 22:40:22 | INFO     | config.py:42 | Система логирования инициализирована.
2025-11-16 22:40:22 | INFO     | config.py:42 | Система логирования инициализирована.
2025-11-16 22:40:22 | INFO     | config.py:42 | Система логирования инициализирована.
2025-11-16 22:40:22 | INFO     | firebase_service.py:35 | Firebase успешно инициализирован.
2025-11-16 22:40:22 | INFO     | firebase_service.py:35 | Firebase успешно инициализирован.
2025-11-17 22:17:42 | INFO     | config.py:42 | Система логирования инициализирована.
2025-11-17 22:17:44 | INFO     | config.py:42 | Система логирования инициализирована.
2025-11-17 22:17:44 | INFO     | config.py:42 | Система логирования инициализирована.
2025-11-17 22:17:44 | INFO     | firebase_service.py:35 | Firebase успешно инициализирован.
2025-11-17 22:17:44 | INFO     | firebase_service.py:35 | Firebase успешно инициализирован.
2025-11-17 22:19:44 | INFO     | config.py:42 | Система логирования инициализирована.
2025-11-17 22:19:45 | INFO     | config.py:42 | Система логирования инициализирована.
2025-11-17 22:19:45 | INFO     | config.py:42 | Система логирования инициализирована.
2025-11-17 22:19:45 | INFO     | firebase_service.py:35 | Firebase успешно инициализирован.
2025-11-17 22:19:45 | INFO     | firebase_service.py:35 | Firebase успешно инициализирован.
2025-11-17 22:19:54 | INFO     | main_window.py:1167 | Пользователь ADMIN вышел из системы.
2025-11-17 22:19:54 | INFO     | main_window.py:1167 | Пользователь ADMIN вышел из системы.
2025-11-17 22:26:44 | INFO     | config.py:42 | Система логирования инициализирована.
2025-11-17 22:26:44 | INFO     | config.py:42 | Система логирования инициализирована.
2025-11-17 22:26:44 | INFO     | config.py:42 | Система логирования инициализирована.
2025-11-17 22:26:44 | INFO     | firebase_service.py:35 | Firebase успешно инициализирован.
2025-11-17 22:26:44 | INFO     | firebase_service.py:35 | Firebase успешно инициализирован.
2025-11-17 22:27:06 | INFO     | main_window.py:1167 | Пользователь ADMIN вышел из системы.
2025-11-17 22:27:06 | INFO     | main_window.py:1167 | Пользователь ADMIN вышел из системы.
2025-11-17 22:30:47 | INFO     | config.py:42 | Система логирования инициализирована.
2025-11-17 22:30:48 | INFO     | config.py:42 | Система логирования инициализирована.
2025-11-17 22:30:48 | INFO     | config.py:42 | Система логирования инициализирована.
2025-11-17 22:30:48 | INFO     | firebase_service.py:35 | Firebase успешно инициализирован.
2025-11-17 22:30:48 | INFO     | firebase_service.py:35 | Firebase успешно инициализирован.
2025-11-17 22:54:26 | INFO     | config.py:42 | Система логирования инициализирована.
2025-11-17 22:54:26 | INFO     | config.py:42 | Система логирования инициализирована.
2025-11-17 22:54:26 | INFO     | config.py:42 | Система логирования инициализирована.
2025-11-17 22:54:26 | INFO     | firebase_service.py:35 | Firebase успешно инициализирован.
2025-11-17 22:54:26 | INFO     | firebase_service.py:35 | Firebase успешно инициализирован.
2025-11-17 22:54:31 | INFO     | main_window.py:73 | Дерево гайдов построено: 7 узлов
2025-11-17 22:54:31 | INFO     | main_window.py:73 | Дерево гайдов построено: 7 узлов
2025-11-17 22:54:38 | INFO     | admin_dialogs.py:319 | Загружено 7 узлов структуры гайдов.
2025-11-17 22:54:38 | INFO     | admin_dialogs.py:319 | Загружено 7 узлов структуры гайдов.
2025-11-17 22:54:41 | INFO     | main_window.py:73 | Дерево гайдов построено: 7 узлов
2025-11-17 22:54:41 | INFO     | main_window.py:73 | Дерево гайдов построено: 7 узлов
2025-11-17 22:54:42 | INFO     | admin_dialogs.py:319 | Загружено 7 узлов структуры гайдов.
2025-11-17 22:54:42 | INFO     | admin_dialogs.py:319 | Загружено 7 узлов структуры гайдов.
2025-11-17 22:54:45 | INFO     | main_window.py:73 | Дерево гайдов построено: 7 узлов
2025-11-17 22:54:45 | INFO     | main_window.py:73 | Дерево гайдов построено: 7 узлов
2025-11-17 22:54:52 | INFO     | main_window.py:73 | Дерево гайдов построено: 8 узлов
2025-11-17 22:54:52 | INFO     | main_window.py:73 | Дерево гайдов построено: 8 узлов
2025-11-17 22:55:06 | INFO     | config.py:42 | Система логирования инициализирована.
2025-11-17 22:55:07 | INFO     | config.py:42 | Система логирования инициализирована.
2025-11-17 22:55:07 | INFO     | config.py:42 | Система логирования инициализирована.
2025-11-17 22:55:07 | INFO     | firebase_service.py:35 | Firebase успешно инициализирован.
2025-11-17 22:55:07 | INFO     | firebase_service.py:35 | Firebase успешно инициализирован.
2025-11-17 22:55:11 | INFO     | main_window.py:73 | Дерево гайдов построено: 8 узлов
2025-11-17 22:55:11 | INFO     | main_window.py:73 | Дерево гайдов построено: 8 узлов
2025-11-17 22:55:28 | INFO     | admin_dialogs.py:192 | Загружено 12 пользователей для управления.
2025-11-17 22:55:28 | INFO     | admin_dialogs.py:192 | Загружено 12 пользователей для управления.
2025-11-17 22:55:32 | INFO     | admin_dialogs.py:319 | Загружено 8 узлов структуры гайдов.
2025-11-17 22:55:32 | INFO     | admin_dialogs.py:319 | Загружено 8 узлов структуры гайдов.
2025-11-17 22:55:33 | INFO     | main_window.py:73 | Дерево гайдов построено: 8 узлов
2025-11-17 22:55:33 | INFO     | main_window.py:73 | Дерево гайдов построено: 8 узлов
2025-11-17 22:59:29 | INFO     | config.py:42 | Система логирования инициализирована.
2025-11-17 23:01:56 | INFO     | config.py:42 | Система логирования инициализирована.
2025-11-17 23:04:21 | INFO     | config.py:42 | Система логирования инициализирована.
2025-11-17 23:04:21 | INFO     | config.py:42 | Система логирования инициализирована.
2025-11-17 23:04:21 | INFO     | config.py:42 | Система логирования инициализирована.
2025-11-17 23:04:21 | INFO     | firebase_service.py:35 | Firebase успешно инициализирован.
2025-11-17 23:04:21 | INFO     | firebase_service.py:35 | Firebase успешно инициализирован.
2025-11-17 23:04:29 | INFO     | tree_handler.py:54 | Дерево обновлено — 8 узлов
2025-11-17 23:04:29 | INFO     | tree_handler.py:54 | Дерево обновлено — 8 узлов
2025-11-17 23:04:38 | INFO     | admin_dialogs.py:319 | Загружено 8 узлов структуры гайдов.
2025-11-17 23:04:38 | INFO     | admin_dialogs.py:319 | Загружено 8 узлов структуры гайдов.
2025-11-17 23:04:39 | INFO     | tree_handler.py:54 | Дерево обновлено — 8 узлов
2025-11-17 23:04:39 | INFO     | tree_handler.py:54 | Дерево обновлено — 8 узлов
2025-11-17 23:04:40 | INFO     | admin_dialogs.py:192 | Загружено 12 пользователей для управления.
2025-11-17 23:04:40 | INFO     | admin_dialogs.py:192 | Загружено 12 пользователей для управления.
2025-11-17 23:09:57 | INFO     | admin_dialogs.py:192 | Загружено 12 пользователей для управления.
2025-11-17 23:09:57 | INFO     | admin_dialogs.py:192 | Загружено 12 пользователей для управления.
2025-11-17 23:09:58 | INFO     | admin_dialogs.py:319 | Загружено 8 узлов структуры гайдов.
2025-11-17 23:09:58 | INFO     | admin_dialogs.py:319 | Загружено 8 узлов структуры гайдов.
2025-11-17 23:10:02 | INFO     | tree_handler.py:54 | Дерево обновлено — 8 узлов
2025-11-17 23:10:02 | INFO     | tree_handler.py:54 | Дерево обновлено — 8 узлов
2025-11-17 23:11:18 | INFO     | config.py:42 | Система логирования инициализирована.
2025-11-17 23:11:19 | INFO     | config.py:42 | Система логирования инициализирована.
2025-11-17 23:11:19 | INFO     | config.py:42 | Система логирования инициализирована.
2025-11-17 23:11:19 | INFO     | firebase_service.py:35 | Firebase успешно инициализирован.
2025-11-17 23:11:19 | INFO     | firebase_service.py:35 | Firebase успешно инициализирован.
2025-11-17 23:12:39 | INFO     | config.py:42 | Система логирования инициализирована.
2025-11-17 23:12:40 | INFO     | config.py:42 | Система логирования инициализирована.
2025-11-17 23:12:40 | INFO     | config.py:42 | Система логирования инициализирована.
2025-11-17 23:12:40 | INFO     | firebase_service.py:35 | Firebase успешно инициализирован.
2025-11-17 23:12:40 | INFO     | firebase_service.py:35 | Firebase успешно инициализирован.
2025-11-17 23:12:45 | INFO     | tree_handler.py:54 | Дерево обновлено — 8 узлов
2025-11-17 23:12:45 | INFO     | tree_handler.py:54 | Дерево обновлено — 8 узлов
2025-11-17 23:12:50 | INFO     | admin_dialogs.py:192 | Загружено 12 пользователей для управления.
2025-11-17 23:12:50 | INFO     | admin_dialogs.py:192 | Загружено 12 пользователей для управления.
2025-11-17 23:19:09 | INFO     | config.py:42 | Система логирования инициализирована.
2025-11-17 23:19:10 | INFO     | config.py:42 | Система логирования инициализирована.
2025-11-17 23:19:10 | INFO     | config.py:42 | Система логирования инициализирована.
2025-11-17 23:19:10 | INFO     | firebase_service.py:35 | Firebase успешно инициализирован.
2025-11-17 23:19:10 | INFO     | firebase_service.py:35 | Firebase успешно инициализирован.
2025-11-17 23:21:22 | INFO     | config.py:42 | Система логирования инициализирована.
2025-11-17 23:21:23 | INFO     | config.py:42 | Система логирования инициализирована.
2025-11-17 23:21:23 | INFO     | config.py:42 | Система логирования инициализирована.
2025-11-17 23:21:23 | INFO     | firebase_service.py:35 | Firebase успешно инициализирован.
2025-11-17 23:21:23 | INFO     | firebase_service.py:35 | Firebase успешно инициализирован.
2025-11-17 23:21:27 | INFO     | tree_handler.py:117 | Дерево обновлено — 4 узлов
2025-11-17 23:21:27 | INFO     | tree_handler.py:117 | Дерево обновлено — 4 узлов
2025-11-17 23:21:27 | INFO     | tree_handler.py:237 | GUIDE LOADED: Информация
2025-11-17 23:21:27 | INFO     | tree_handler.py:237 | GUIDE LOADED: Информация
2025-11-17 23:21:35 | INFO     | tree_handler.py:37 | NODE CREATED: {'id': '3b29f9d3-2b2f-401d-9c09-6563e765f451', 'name': 'Sosal?', 'type': 'guide', 'order': 1, 'parent_id': 'folder_maps'}
2025-11-17 23:21:35 | INFO     | tree_handler.py:37 | NODE CREATED: {'id': '3b29f9d3-2b2f-401d-9c09-6563e765f451', 'name': 'Sosal?', 'type': 'guide', 'order': 1, 'parent_id': 'folder_maps'}
2025-11-17 23:21:35 | INFO     | tree_handler.py:117 | Дерево обновлено — 5 узлов
2025-11-17 23:21:35 | INFO     | tree_handler.py:117 | Дерево обновлено — 5 узлов
2025-11-17 23:21:35 | INFO     | tree_handler.py:237 | GUIDE LOADED: Информация
2025-11-17 23:21:35 | INFO     | tree_handler.py:237 | GUIDE LOADED: Информация
2025-11-17 23:21:35 | INFO     | tree_handler.py:237 | GUIDE LOADED: Sosal?
2025-11-17 23:21:35 | INFO     | tree_handler.py:237 | GUIDE LOADED: Sosal?
2025-11-17 23:23:24 | INFO     | config.py:42 | Система логирования инициализирована.
2025-11-17 23:23:24 | INFO     | config.py:42 | Система логирования инициализирована.
2025-11-17 23:23:24 | INFO     | config.py:42 | Система логирования инициализирована.
2025-11-17 23:23:24 | INFO     | firebase_service.py:35 | Firebase успешно инициализирован.
2025-11-17 23:23:24 | INFO     | firebase_service.py:35 | Firebase успешно инициализирован.
2025-11-17 23:23:30 | INFO     | tree_handler.py:54 | Дерево обновлено — 8 узлов
2025-11-17 23:23:30 | INFO     | tree_handler.py:54 | Дерево обновлено — 8 узлов
2025-11-17 23:26:53 | INFO     | config.py:42 | Система логирования инициализирована.
2025-11-17 23:26:54 | INFO     | config.py:42 | Система логирования инициализирована.
2025-11-17 23:26:54 | INFO     | config.py:42 | Система логирования инициализирована.
2025-11-17 23:26:54 | INFO     | firebase_service.py:35 | Firebase успешно инициализирован.
2025-11-17 23:26:54 | INFO     | firebase_service.py:35 | Firebase успешно инициализирован.
2025-11-17 23:28:46 | INFO     | config.py:42 | Система логирования инициализирована.
2025-11-17 23:29:42 | INFO     | config.py:42 | Система логирования инициализирована.
2025-11-17 23:29:42 | INFO     | config.py:42 | Система логирования инициализирована.
2025-11-17 23:29:42 | INFO     | config.py:42 | Система логирования инициализирована.
2025-11-17 23:29:42 | INFO     | firebase_service.py:35 | Firebase успешно инициализирован.
2025-11-17 23:29:42 | INFO     | firebase_service.py:35 | Firebase успешно инициализирован.
2025-11-17 23:31:12 | INFO     | config.py:42 | Система логирования инициализирована.
2025-11-17 23:31:13 | INFO     | config.py:42 | Система логирования инициализирована.
2025-11-17 23:31:13 | INFO     | config.py:42 | Система логирования инициализирована.
2025-11-17 23:31:13 | INFO     | firebase_service.py:35 | Firebase успешно инициализирован.
2025-11-17 23:31:13 | INFO     | firebase_service.py:35 | Firebase успешно инициализирован.
2025-11-17 23:31:18 | WARNING  | tree_handler.py:59 | Родитель DwiNuubAqd7Z6TTPX6io не найден для узла e1kNk4n21YcOC9FsJ7sN.
2025-11-17 23:31:18 | WARNING  | tree_handler.py:59 | Родитель DwiNuubAqd7Z6TTPX6io не найден для узла e1kNk4n21YcOC9FsJ7sN.
2025-11-17 23:31:18 | WARNING  | tree_handler.py:59 | Родитель DwiNuubAqd7Z6TTPX6io не найден для узла stWaVBTxNZlCjVV76Kd2.
2025-11-17 23:31:18 | WARNING  | tree_handler.py:59 | Родитель DwiNuubAqd7Z6TTPX6io не найден для узла stWaVBTxNZlCjVV76Kd2.
2025-11-17 23:31:18 | INFO     | tree_handler.py:65 | Дерево гайдов обновлено: 8 узлов.
2025-11-17 23:31:18 | INFO     | tree_handler.py:65 | Дерево гайдов обновлено: 8 узлов.
2025-11-17 23:31:34 | INFO     | config.py:42 | Система логирования инициализирована.
2025-11-17 23:31:35 | INFO     | config.py:42 | Система логирования инициализирована.
2025-11-17 23:31:35 | INFO     | config.py:42 | Система логирования инициализирована.
2025-11-17 23:31:35 | INFO     | firebase_service.py:35 | Firebase успешно инициализирован.
2025-11-17 23:31:35 | INFO     | firebase_service.py:35 | Firebase успешно инициализирован.
2025-11-17 23:31:40 | WARNING  | tree_handler.py:59 | Родитель DwiNuubAqd7Z6TTPX6io не найден для узла e1kNk4n21YcOC9FsJ7sN.
2025-11-17 23:31:40 | WARNING  | tree_handler.py:59 | Родитель DwiNuubAqd7Z6TTPX6io не найден для узла e1kNk4n21YcOC9FsJ7sN.
2025-11-17 23:31:40 | WARNING  | tree_handler.py:59 | Родитель DwiNuubAqd7Z6TTPX6io не найден для узла stWaVBTxNZlCjVV76Kd2.
2025-11-17 23:31:40 | WARNING  | tree_handler.py:59 | Родитель DwiNuubAqd7Z6TTPX6io не найден для узла stWaVBTxNZlCjVV76Kd2.
2025-11-17 23:31:40 | INFO     | tree_handler.py:65 | Дерево гайдов обновлено: 8 узлов.
2025-11-17 23:31:40 | INFO     | tree_handler.py:65 | Дерево гайдов обновлено: 8 узлов.
2025-11-17 23:51:49 | INFO     | config.py:42 | =============CS2 Guide Hub v1.01=============
2025-11-17 23:51:50 | INFO     | config.py:42 | =============CS2 Guide Hub v1.01=============
2025-11-17 23:51:50 | INFO     | config.py:42 | =============CS2 Guide Hub v1.01=============
2025-11-17 23:51:50 | INFO     | firebase_service.py:35 | Firebase успешно инициализирован.
2025-11-17 23:51:50 | INFO     | firebase_service.py:35 | Firebase успешно инициализирован.
2025-11-17 23:51:58 | WARNING  | tree_handler.py:59 | Родитель DwiNuubAqd7Z6TTPX6io не найден для узла e1kNk4n21YcOC9FsJ7sN.
2025-11-17 23:51:58 | WARNING  | tree_handler.py:59 | Родитель DwiNuubAqd7Z6TTPX6io не найден для узла e1kNk4n21YcOC9FsJ7sN.
2025-11-17 23:51:58 | WARNING  | tree_handler.py:59 | Родитель DwiNuubAqd7Z6TTPX6io не найден для узла stWaVBTxNZlCjVV76Kd2.
2025-11-17 23:51:58 | WARNING  | tree_handler.py:59 | Родитель DwiNuubAqd7Z6TTPX6io не найден для узла stWaVBTxNZlCjVV76Kd2.
2025-11-17 23:51:58 | INFO     | tree_handler.py:65 | Дерево гайдов обновлено: 8 узлов.
2025-11-17 23:51:58 | INFO     | tree_handler.py:65 | Дерево гайдов обновлено: 8 узлов.
2025-11-17 23:54:38 | INFO     | config.py:42 | =============CS2 Guide Hub v1.01=============
2025-11-17 23:54:38 | INFO     | config.py:42 | =============CS2 Guide Hub v1.01=============
2025-11-17 23:54:38 | INFO     | config.py:42 | =============CS2 Guide Hub v1.01=============
2025-11-17 23:54:39 | INFO     | firebase_service.py:35 | Firebase успешно инициализирован.
2025-11-17 23:54:39 | INFO     | firebase_service.py:35 | Firebase успешно инициализирован.
2025-11-17 23:54:40 | INFO     | firebase_service.py:131 | Пакетная запись начальных данных успешно выполнена.
2025-11-17 23:54:40 | INFO     | firebase_service.py:131 | Пакетная запись начальных данных успешно выполнена.
2025-11-17 23:54:46 | INFO     | tree_handler.py:65 | Дерево гайдов обновлено: 3 узлов.
2025-11-17 23:54:46 | INFO     | tree_handler.py:65 | Дерево гайдов обновлено: 3 узлов.
2025-11-18 00:00:40 | INFO     | config.py:42 | =============CS2 Guide Hub v1.01=============
2025-11-18 00:00:41 | INFO     | config.py:42 | =============CS2 Guide Hub v1.01=============
2025-11-18 00:00:41 | INFO     | config.py:42 | =============CS2 Guide Hub v1.01=============
2025-11-18 00:00:41 | INFO     | firebase_service.py:35 | Firebase успешно инициализирован.
2025-11-18 00:00:41 | INFO     | firebase_service.py:35 | Firebase успешно инициализирован.
2025-11-18 00:00:46 | INFO     | tree_handler.py:65 | Дерево гайдов обновлено: 3 узлов.
2025-11-18 00:00:46 | INFO     | tree_handler.py:65 | Дерево гайдов обновлено: 3 узлов.
2025-11-18 00:01:10 | INFO     | config.py:42 | =============CS2 Guide Hub v1.01=============
2025-11-18 00:01:10 | INFO     | config.py:42 | =============CS2 Guide Hub v1.01=============
2025-11-18 00:01:10 | INFO     | config.py:42 | =============CS2 Guide Hub v1.01=============
2025-11-18 00:01:10 | INFO     | firebase_service.py:35 | Firebase успешно инициализирован.
2025-11-18 00:01:10 | INFO     | firebase_service.py:35 | Firebase успешно инициализирован.
2025-11-18 00:01:16 | INFO     | tree_handler.py:65 | Дерево гайдов обновлено: 3 узлов.
2025-11-18 00:01:16 | INFO     | tree_handler.py:65 | Дерево гайдов обновлено: 3 узлов.
2025-11-18 00:01:32 | INFO     | config.py:42 | =============CS2 Guide Hub v1.01=============
2025-11-18 00:01:32 | INFO     | config.py:42 | =============CS2 Guide Hub v1.01=============
2025-11-18 00:01:32 | INFO     | config.py:42 | =============CS2 Guide Hub v1.01=============
2025-11-18 00:01:32 | INFO     | firebase_service.py:35 | Firebase успешно инициализирован.
2025-11-18 00:01:32 | INFO     | firebase_service.py:35 | Firebase успешно инициализирован.
2025-11-18 00:01:36 | INFO     | tree_handler.py:65 | Дерево гайдов обновлено: 3 узлов.
2025-11-18 00:01:36 | INFO     | tree_handler.py:65 | Дерево гайдов обновлено: 3 узлов.
2025-11-18 00:02:06 | INFO     | config.py:42 | =============CS2 Guide Hub v1.01=============
2025-11-18 00:02:07 | INFO     | config.py:42 | =============CS2 Guide Hub v1.01=============
2025-11-18 00:02:07 | INFO     | config.py:42 | =============CS2 Guide Hub v1.01=============
2025-11-18 00:02:07 | INFO     | firebase_service.py:35 | Firebase успешно инициализирован.
2025-11-18 00:02:07 | INFO     | firebase_service.py:35 | Firebase успешно инициализирован.
2025-11-18 00:02:11 | INFO     | tree_handler.py:65 | Дерево гайдов обновлено: 3 узлов.
2025-11-18 00:02:11 | INFO     | tree_handler.py:65 | Дерево гайдов обновлено: 3 узлов.
2025-11-18 00:02:30 | INFO     | config.py:42 | =============CS2 Guide Hub v1.01=============
2025-11-18 00:02:31 | INFO     | config.py:42 | =============CS2 Guide Hub v1.01=============
2025-11-18 00:02:31 | INFO     | config.py:42 | =============CS2 Guide Hub v1.01=============
2025-11-18 00:02:31 | INFO     | firebase_service.py:35 | Firebase успешно инициализирован.
2025-11-18 00:02:31 | INFO     | firebase_service.py:35 | Firebase успешно инициализирован.
2025-11-18 00:02:36 | INFO     | tree_handler.py:65 | Дерево гайдов обновлено: 3 узлов.
2025-11-18 00:02:36 | INFO     | tree_handler.py:65 | Дерево гайдов обновлено: 3 узлов.
2025-11-18 00:03:12 | INFO     | config.py:42 | =============CS2 Guide Hub v1.01=============
2025-11-18 00:03:12 | INFO     | config.py:42 | =============CS2 Guide Hub v1.01=============
2025-11-18 00:03:12 | INFO     | config.py:42 | =============CS2 Guide Hub v1.01=============
2025-11-18 00:03:12 | INFO     | firebase_service.py:35 | Firebase успешно инициализирован.
2025-11-18 00:03:12 | INFO     | firebase_service.py:35 | Firebase успешно инициализирован.
2025-11-18 00:03:17 | INFO     | tree_handler.py:65 | Дерево гайдов обновлено: 3 узлов.
2025-11-18 00:03:17 | INFO     | tree_handler.py:65 | Дерево гайдов обновлено: 3 узлов.
2025-11-18 00:03:34 | INFO     | config.py:42 | =============CS2 Guide Hub v1.01=============
2025-11-18 00:03:34 | INFO     | config.py:42 | =============CS2 Guide Hub v1.01=============
2025-11-18 00:03:34 | INFO     | config.py:42 | =============CS2 Guide Hub v1.01=============
2025-11-18 00:03:34 | INFO     | firebase_service.py:35 | Firebase успешно инициализирован.
2025-11-18 00:03:34 | INFO     | firebase_service.py:35 | Firebase успешно инициализирован.
2025-11-18 00:03:39 | INFO     | tree_handler.py:65 | Дерево гайдов обновлено: 3 узлов.
2025-11-18 00:03:39 | INFO     | tree_handler.py:65 | Дерево гайдов обновлено: 3 узлов.
2025-11-18 00:07:50 | INFO     | config.py:42 | =============CS2 Guide Hub v1.01=============
2025-11-18 00:07:50 | INFO     | config.py:42 | =============CS2 Guide Hub v1.01=============
2025-11-18 00:07:50 | INFO     | config.py:42 | =============CS2 Guide Hub v1.01=============
2025-11-18 00:07:50 | INFO     | firebase_service.py:35 | Firebase успешно инициализирован.
2025-11-18 00:07:50 | INFO     | firebase_service.py:35 | Firebase успешно инициализирован.
2025-11-18 00:07:54 | INFO     | tree_handler.py:65 | Дерево гайдов обновлено: 3 узлов.
2025-11-18 00:07:54 | INFO     | tree_handler.py:65 | Дерево гайдов обновлено: 3 узлов.
2025-11-18 00:08:09 | INFO     | config.py:42 | =============CS2 Guide Hub v1.01=============
2025-11-18 00:08:10 | INFO     | config.py:42 | =============CS2 Guide Hub v1.01=============
2025-11-18 00:08:10 | INFO     | config.py:42 | =============CS2 Guide Hub v1.01=============
2025-11-18 00:08:10 | INFO     | firebase_service.py:35 | Firebase успешно инициализирован.
2025-11-18 00:08:10 | INFO     | firebase_service.py:35 | Firebase успешно инициализирован.
2025-11-18 00:08:14 | INFO     | tree_handler.py:65 | Дерево гайдов обновлено: 3 узлов.
2025-11-18 00:08:14 | INFO     | tree_handler.py:65 | Дерево гайдов обновлено: 3 узлов.
2025-11-18 00:13:06 | INFO     | config.py:42 | =============CS2 Guide Hub v1.01=============
2025-11-18 00:13:07 | INFO     | config.py:42 | =============CS2 Guide Hub v1.01=============
2025-11-18 00:13:07 | INFO     | config.py:42 | =============CS2 Guide Hub v1.01=============
2025-11-18 00:13:07 | INFO     | firebase_service.py:35 | Firebase успешно инициализирован.
2025-11-18 00:13:07 | INFO     | firebase_service.py:35 | Firebase успешно инициализирован.
2025-11-18 00:13:12 | INFO     | tree_handler.py:65 | Дерево гайдов обновлено: 3 узлов.
2025-11-18 00:13:12 | INFO     | tree_handler.py:65 | Дерево гайдов обновлено: 3 узлов.
2025-11-18 00:16:19 | INFO     | config.py:42 | =============CS2 Guide Hub v1.01=============
2025-11-18 00:16:19 | INFO     | config.py:42 | =============CS2 Guide Hub v1.01=============
2025-11-18 00:16:19 | INFO     | config.py:42 | =============CS2 Guide Hub v1.01=============
2025-11-18 00:16:19 | INFO     | firebase_service.py:35 | Firebase успешно инициализирован.
2025-11-18 00:16:19 | INFO     | firebase_service.py:35 | Firebase успешно инициализирован.
2025-11-18 00:16:24 | INFO     | tree_handler.py:65 | Дерево гайдов обновлено: 3 узлов.
2025-11-18 00:16:24 | INFO     | tree_handler.py:65 | Дерево гайдов обновлено: 3 узлов.
2025-11-18 00:19:37 | INFO     | config.py:42 | =============CS2 Guide Hub v1.01=============
2025-11-18 00:19:37 | INFO     | config.py:42 | =============CS2 Guide Hub v1.01=============
2025-11-18 00:19:37 | INFO     | config.py:42 | =============CS2 Guide Hub v1.01=============
2025-11-18 00:19:37 | INFO     | firebase_service.py:35 | Firebase успешно инициализирован.
2025-11-18 00:19:37 | INFO     | firebase_service.py:35 | Firebase успешно инициализирован.
2025-11-18 00:19:45 | INFO     | tree_handler.py:65 | Дерево гайдов обновлено: 3 узлов.
2025-11-18 00:19:45 | INFO     | tree_handler.py:65 | Дерево гайдов обновлено: 3 узлов.
2025-11-18 00:19:50 | INFO     | tree_handler.py:65 | Дерево гайдов обновлено: 3 узлов.
2025-11-18 00:19:50 | INFO     | tree_handler.py:65 | Дерево гайдов обновлено: 3 узлов.
2025-11-18 00:19:58 | INFO     | config.py:42 | =============CS2 Guide Hub v1.01=============
2025-11-18 00:19:59 | INFO     | config.py:42 | =============CS2 Guide Hub v1.01=============
2025-11-18 00:19:59 | INFO     | config.py:42 | =============CS2 Guide Hub v1.01=============
2025-11-18 00:19:59 | INFO     | firebase_service.py:35 | Firebase успешно инициализирован.
2025-11-18 00:19:59 | INFO     | firebase_service.py:35 | Firebase успешно инициализирован.
2025-11-18 00:20:05 | INFO     | tree_handler.py:65 | Дерево гайдов обновлено: 3 узлов.
2025-11-18 00:20:05 | INFO     | tree_handler.py:65 | Дерево гайдов обновлено: 3 узлов.
2025-11-18 00:20:09 | INFO     | tree_handler.py:65 | Дерево гайдов обновлено: 3 узлов.
2025-11-18 00:20:09 | INFO     | tree_handler.py:65 | Дерево гайдов обновлено: 3 узлов.
2025-11-18 00:20:26 | INFO     | tree_handler.py:65 | Дерево гайдов обновлено: 3 узлов.
2025-11-18 00:20:26 | INFO     | tree_handler.py:65 | Дерево гайдов обновлено: 3 узлов.
2025-11-18 00:20:45 | INFO     | tree_handler.py:65 | Дерево гайдов обновлено: 3 узлов.
2025-11-18 00:20:45 | INFO     | tree_handler.py:65 | Дерево гайдов обновлено: 3 узлов.
2025-11-18 00:21:13 | INFO     | tree_handler.py:65 | Дерево гайдов обновлено: 3 узлов.
2025-11-18 00:21:13 | INFO     | tree_handler.py:65 | Дерево гайдов обновлено: 3 узлов.
2025-11-18 00:21:21 | INFO     | config.py:42 | =============CS2 Guide Hub v1.01=============
2025-11-18 00:21:21 | INFO     | config.py:42 | =============CS2 Guide Hub v1.01=============
2025-11-18 00:21:21 | INFO     | config.py:42 | =============CS2 Guide Hub v1.01=============
2025-11-18 00:21:21 | INFO     | firebase_service.py:35 | Firebase успешно инициализирован.
2025-11-18 00:21:21 | INFO     | firebase_service.py:35 | Firebase успешно инициализирован.
2025-11-18 00:21:25 | INFO     | tree_handler.py:65 | Дерево гайдов обновлено: 3 узлов.
2025-11-18 00:21:25 | INFO     | tree_handler.py:65 | Дерево гайдов обновлено: 3 узлов.
2025-11-18 00:21:45 | INFO     | config.py:42 | =============CS2 Guide Hub v1.01=============
2025-11-18 00:21:45 | INFO     | config.py:42 | =============CS2 Guide Hub v1.01=============
2025-11-18 00:21:45 | INFO     | config.py:42 | =============CS2 Guide Hub v1.01=============
2025-11-18 00:21:45 | INFO     | firebase_service.py:35 | Firebase успешно инициализирован.
2025-11-18 00:21:45 | INFO     | firebase_service.py:35 | Firebase успешно инициализирован.
2025-11-18 00:21:49 | INFO     | tree_handler.py:65 | Дерево гайдов обновлено: 3 узлов.
2025-11-18 00:21:49 | INFO     | tree_handler.py:65 | Дерево гайдов обновлено: 3 узлов.
2025-11-18 00:22:08 | INFO     | config.py:42 | =============CS2 Guide Hub v1.01=============
2025-11-18 00:22:09 | INFO     | config.py:42 | =============CS2 Guide Hub v1.01=============
2025-11-18 00:22:09 | INFO     | config.py:42 | =============CS2 Guide Hub v1.01=============
2025-11-18 00:22:09 | INFO     | firebase_service.py:35 | Firebase успешно инициализирован.
2025-11-18 00:22:09 | INFO     | firebase_service.py:35 | Firebase успешно инициализирован.
2025-11-18 00:22:14 | INFO     | tree_handler.py:65 | Дерево гайдов обновлено: 3 узлов.
2025-11-18 00:22:14 | INFO     | tree_handler.py:65 | Дерево гайдов обновлено: 3 узлов.
2025-11-18 00:24:03 | INFO     | config.py:42 | =============CS2 Guide Hub v1.01=============
2025-11-18 00:24:04 | INFO     | config.py:42 | =============CS2 Guide Hub v1.01=============
2025-11-18 00:24:04 | INFO     | config.py:42 | =============CS2 Guide Hub v1.01=============
2025-11-18 00:24:04 | INFO     | firebase_service.py:35 | Firebase успешно инициализирован.
2025-11-18 00:24:04 | INFO     | firebase_service.py:35 | Firebase успешно инициализирован.
2025-11-18 00:24:08 | INFO     | tree_handler.py:65 | Дерево гайдов обновлено: 3 узлов.
2025-11-18 00:24:08 | INFO     | tree_handler.py:65 | Дерево гайдов обновлено: 3 узлов.
2025-11-18 00:25:14 | INFO     | config.py:42 | =============CS2 Guide Hub v1.01=============
2025-11-18 00:25:15 | INFO     | config.py:42 | =============CS2 Guide Hub v1.01=============
2025-11-18 00:25:15 | INFO     | config.py:42 | =============CS2 Guide Hub v1.01=============
2025-11-18 00:25:15 | INFO     | firebase_service.py:35 | Firebase успешно инициализирован.
2025-11-18 00:25:15 | INFO     | firebase_service.py:35 | Firebase успешно инициализирован.
2025-11-18 00:25:20 | INFO     | tree_handler.py:65 | Дерево гайдов обновлено: 3 узлов.
2025-11-18 00:25:20 | INFO     | tree_handler.py:65 | Дерево гайдов обновлено: 3 узлов.
2025-11-18 00:27:12 | INFO     | config.py:42 | =============CS2 Guide Hub v1.01=============
2025-11-18 00:27:13 | INFO     | config.py:42 | =============CS2 Guide Hub v1.01=============
2025-11-18 00:27:13 | INFO     | config.py:42 | =============CS2 Guide Hub v1.01=============
2025-11-18 00:27:13 | INFO     | firebase_service.py:35 | Firebase успешно инициализирован.
2025-11-18 00:27:13 | INFO     | firebase_service.py:35 | Firebase успешно инициализирован.
2025-11-18 00:27:18 | INFO     | tree_handler.py:65 | Дерево гайдов обновлено: 3 узлов.
2025-11-18 00:27:18 | INFO     | tree_handler.py:65 | Дерево гайдов обновлено: 3 узлов.
2025-11-18 00:27:25 | INFO     | tree_handler.py:65 | Дерево гайдов обновлено: 4 узлов.
2025-11-18 00:27:25 | INFO     | tree_handler.py:65 | Дерево гайдов обновлено: 4 узлов.
2025-11-18 00:27:30 | WARNING  | tree_handler.py:59 | Родитель folder_maps не найден для узла 3OaZ89V0JHWanOHw459X.
2025-11-18 00:27:30 | WARNING  | tree_handler.py:59 | Родитель folder_maps не найден для узла 3OaZ89V0JHWanOHw459X.
2025-11-18 00:27:31 | INFO     | tree_handler.py:65 | Дерево гайдов обновлено: 5 узлов.
2025-11-18 00:27:31 | INFO     | tree_handler.py:65 | Дерево гайдов обновлено: 5 узлов.
2025-11-18 00:27:46 | WARNING  | tree_handler.py:59 | Родитель folder_maps не найден для узла 3OaZ89V0JHWanOHw459X.
2025-11-18 00:27:46 | WARNING  | tree_handler.py:59 | Родитель folder_maps не найден для узла 3OaZ89V0JHWanOHw459X.
2025-11-18 00:27:46 | INFO     | tree_handler.py:65 | Дерево гайдов обновлено: 6 узлов.
2025-11-18 00:27:46 | INFO     | tree_handler.py:65 | Дерево гайдов обновлено: 6 узлов.
2025-11-18 00:27:51 | WARNING  | tree_handler.py:59 | Родитель folder_maps не найден для узла 3OaZ89V0JHWanOHw459X.
2025-11-18 00:27:51 | WARNING  | tree_handler.py:59 | Родитель folder_maps не найден для узла 3OaZ89V0JHWanOHw459X.
2025-11-18 00:27:51 | INFO     | tree_handler.py:65 | Дерево гайдов обновлено: 7 узлов.
2025-11-18 00:27:51 | INFO     | tree_handler.py:65 | Дерево гайдов обновлено: 7 узлов.
2025-11-18 00:29:28 | WARNING  | tree_handler.py:59 | Родитель folder_maps не найден для узла 3OaZ89V0JHWanOHw459X.
2025-11-18 00:29:28 | WARNING  | tree_handler.py:59 | Родитель folder_maps не найден для узла 3OaZ89V0JHWanOHw459X.
2025-11-18 00:29:28 | INFO     | tree_handler.py:65 | Дерево гайдов обновлено: 8 узлов.
2025-11-18 00:29:28 | INFO     | tree_handler.py:65 | Дерево гайдов обновлено: 8 узлов.
2025-11-18 00:29:35 | WARNING  | tree_handler.py:59 | Родитель folder_maps не найден для узла 3OaZ89V0JHWanOHw459X.
2025-11-18 00:29:35 | WARNING  | tree_handler.py:59 | Родитель folder_maps не найден для узла 3OaZ89V0JHWanOHw459X.
2025-11-18 00:29:35 | INFO     | tree_handler.py:65 | Дерево гайдов обновлено: 9 узлов.
2025-11-18 00:29:35 | INFO     | tree_handler.py:65 | Дерево гайдов обновлено: 9 узлов.
2025-11-18 00:30:02 | WARNING  | tree_handler.py:59 | Родитель folder_maps не найден для узла 3OaZ89V0JHWanOHw459X.
2025-11-18 00:30:02 | WARNING  | tree_handler.py:59 | Родитель folder_maps не найден для узла 3OaZ89V0JHWanOHw459X.
2025-11-18 00:30:02 | INFO     | tree_handler.py:65 | Дерево гайдов обновлено: 8 узлов.
2025-11-18 00:30:02 | INFO     | tree_handler.py:65 | Дерево гайдов обновлено: 8 узлов.
2025-11-18 00:30:15 | WARNING  | tree_handler.py:59 | Родитель 1F58JRc4YUMLqQG7VjYE не найден для узла tGEEK71p5oCjmtlWPSRa.
2025-11-18 00:30:15 | WARNING  | tree_handler.py:59 | Родитель 1F58JRc4YUMLqQG7VjYE не найден для узла tGEEK71p5oCjmtlWPSRa.
2025-11-18 00:30:15 | WARNING  | tree_handler.py:59 | Родитель folder_maps не найден для узла 3OaZ89V0JHWanOHw459X.
2025-11-18 00:30:15 | WARNING  | tree_handler.py:59 | Родитель folder_maps не найден для узла 3OaZ89V0JHWanOHw459X.
2025-11-18 00:30:15 | INFO     | tree_handler.py:65 | Дерево гайдов обновлено: 9 узлов.
2025-11-18 00:30:15 | INFO     | tree_handler.py:65 | Дерево гайдов обновлено: 9 узлов.
2025-11-18 00:30:27 | WARNING  | tree_handler.py:59 | Родитель 1F58JRc4YUMLqQG7VjYE не найден для узла tGEEK71p5oCjmtlWPSRa.
2025-11-18 00:30:27 | WARNING  | tree_handler.py:59 | Родитель 1F58JRc4YUMLqQG7VjYE не найден для узла tGEEK71p5oCjmtlWPSRa.
2025-11-18 00:30:27 | WARNING  | tree_handler.py:59 | Родитель folder_maps не найден для узла 3OaZ89V0JHWanOHw459X.
2025-11-18 00:30:27 | WARNING  | tree_handler.py:59 | Родитель folder_maps не найден для узла 3OaZ89V0JHWanOHw459X.
2025-11-18 00:30:27 | INFO     | tree_handler.py:65 | Дерево гайдов обновлено: 8 узлов.
2025-11-18 00:30:27 | INFO     | tree_handler.py:65 | Дерево гайдов обновлено: 8 узлов.
2025-11-18 00:30:31 | WARNING  | tree_handler.py:59 | Родитель folder_maps не найден для узла 3OaZ89V0JHWanOHw459X.
2025-11-18 00:30:31 | WARNING  | tree_handler.py:59 | Родитель folder_maps не найден для узла 3OaZ89V0JHWanOHw459X.
2025-11-18 00:30:31 | INFO     | tree_handler.py:65 | Дерево гайдов обновлено: 6 узлов.
2025-11-18 00:30:31 | INFO     | tree_handler.py:65 | Дерево гайдов обновлено: 6 узлов.
2025-11-18 00:31:12 | WARNING  | tree_handler.py:34 | Не удалось загрузить структуру гайдов.
2025-11-18 00:31:12 | WARNING  | tree_handler.py:34 | Не удалось загрузить структуру гайдов.
2025-11-18 00:38:59 | INFO     | config.py:42 | =============CS2 Guide Hub v1.01=============
2025-11-18 00:39:00 | INFO     | config.py:42 | =============CS2 Guide Hub v1.01=============
2025-11-18 00:39:00 | INFO     | config.py:42 | =============CS2 Guide Hub v1.01=============
2025-11-18 00:39:00 | INFO     | firebase_service.py:35 | Firebase успешно инициализирован.
2025-11-18 00:39:00 | INFO     | firebase_service.py:35 | Firebase успешно инициализирован.
2025-11-18 00:39:01 | INFO     | firebase_service.py:131 | Пакетная запись начальных данных успешно выполнена.
2025-11-18 00:39:01 | INFO     | firebase_service.py:131 | Пакетная запись начальных данных успешно выполнена.
2025-11-18 00:39:55 | INFO     | config.py:42 | =============CS2 Guide Hub v1.01=============
2025-11-18 00:39:56 | INFO     | config.py:42 | =============CS2 Guide Hub v1.01=============
2025-11-18 00:39:56 | INFO     | config.py:42 | =============CS2 Guide Hub v1.01=============
2025-11-18 00:39:56 | INFO     | firebase_service.py:35 | Firebase успешно инициализирован.
2025-11-18 00:39:56 | INFO     | firebase_service.py:35 | Firebase успешно инициализирован.
2025-11-18 00:41:16 | INFO     | config.py:42 | =============CS2 Guide Hub v1.01=============
2025-11-18 00:41:17 | INFO     | config.py:42 | =============CS2 Guide Hub v1.01=============
2025-11-18 00:41:17 | INFO     | config.py:42 | =============CS2 Guide Hub v1.01=============
2025-11-18 00:41:17 | INFO     | firebase_service.py:35 | Firebase успешно инициализирован.
2025-11-18 00:41:17 | INFO     | firebase_service.py:35 | Firebase успешно инициализирован.
2025-11-18 00:41:33 | INFO     | config.py:42 | =============CS2 Guide Hub v1.01=============
2025-11-18 00:41:33 | INFO     | config.py:42 | =============CS2 Guide Hub v1.01=============
2025-11-18 00:41:33 | INFO     | config.py:42 | =============CS2 Guide Hub v1.01=============
2025-11-18 00:41:33 | INFO     | firebase_service.py:35 | Firebase успешно инициализирован.
2025-11-18 00:41:33 | INFO     | firebase_service.py:35 | Firebase успешно инициализирован.
2025-11-18 00:43:35 | INFO     | config.py:42 | =============CS2 Guide Hub v1.01=============
2025-11-18 00:43:35 | INFO     | config.py:42 | =============CS2 Guide Hub v1.01=============
2025-11-18 00:43:35 | INFO     | config.py:42 | =============CS2 Guide Hub v1.01=============
2025-11-18 00:43:35 | INFO     | firebase_service.py:35 | Firebase успешно инициализирован.
2025-11-18 00:43:35 | INFO     | firebase_service.py:35 | Firebase успешно инициализирован.
2025-11-18 00:43:39 | INFO     | tree_handler.py:65 | Дерево гайдов обновлено: 3 узлов.
2025-11-18 00:43:39 | INFO     | tree_handler.py:65 | Дерево гайдов обновлено: 3 узлов.
2025-11-18 00:43:44 | INFO     | tree_handler.py:65 | Дерево гайдов обновлено: 4 узлов.
2025-11-18 00:43:44 | INFO     | tree_handler.py:65 | Дерево гайдов обновлено: 4 узлов.
2025-11-18 00:45:13 | INFO     | tree_handler.py:65 | Дерево гайдов обновлено: 5 узлов.
2025-11-18 00:45:13 | INFO     | tree_handler.py:65 | Дерево гайдов обновлено: 5 узлов.
2025-11-18 01:13:01 | INFO     | config.py:42 | =============CS2 Guide Hub v1.01=============
2025-11-18 01:13:02 | INFO     | config.py:42 | =============CS2 Guide Hub v1.01=============
2025-11-18 01:13:02 | INFO     | config.py:42 | =============CS2 Guide Hub v1.01=============
2025-11-18 01:13:02 | INFO     | firebase_service.py:35 | Firebase успешно инициализирован.
2025-11-18 01:13:02 | INFO     | firebase_service.py:35 | Firebase успешно инициализирован.
2025-11-18 01:13:06 | INFO     | tree_handler.py:90 | Дерево гайдов обновлено: 5 узлов.
2025-11-18 01:13:06 | INFO     | tree_handler.py:90 | Дерево гайдов обновлено: 5 узлов.
2025-11-18 01:13:07 | INFO     | tree_handler.py:48 | Слушатель структуры Firebase успешно запущен.
2025-11-18 01:13:07 | INFO     | tree_handler.py:48 | Слушатель структуры Firebase успешно запущен.
2025-11-18 01:13:07 | INFO     | firebase_service.py:394 | Обнаружено изменение в структуре гайдов. Количество изменений: 5. Инициирую обновление через сигнал.
2025-11-18 01:13:07 | INFO     | firebase_service.py:394 | Обнаружено изменение в структуре гайдов. Количество изменений: 5. Инициирую обновление через сигнал.
2025-11-18 01:13:07 | INFO     | tree_handler.py:38 | Realtime-сигнал об изменении структуры получен. Запуск обновления дерева.
2025-11-18 01:13:07 | INFO     | tree_handler.py:38 | Realtime-сигнал об изменении структуры получен. Запуск обновления дерева.
2025-11-18 01:13:07 | INFO     | tree_handler.py:90 | Дерево гайдов обновлено: 5 узлов.
2025-11-18 01:13:07 | INFO     | tree_handler.py:90 | Дерево гайдов обновлено: 5 узлов.
